[
  {
    "execute": {
      "contract_addr": "cosmwasm10yjnqzs0nxzpesqmzfv006q9fwgu833xme5kuu60tuan72n77j8qvem39j",
      "msg": "eyJzdWJtaXRfc2lnbmF0dXJlIjp7InNlc3Npb25faWQiOiIxIiwic2lnbmF0dXJlIjoiNDRhYmUzMTE0NDJhMGNjMTg5ZTBmOTUwMzAwMWQyZmNmNThiZTNjYzQwNTY0NzgzZWI0NmRjN2E4MTc3ZGY5NjQ4ZjI3ZmRlMjlmOGQ5MzdiYjdhNWFiYjcyZWVhOWVkYTdlZjk2YzQ2OTYyZmM1ZmYzODY2NjYyNjNmY2UxZTEifX0=",
      "funds": []
    }
  },
  {
    "execute": {
      "contract_addr": "cosmwasm10yjnqzs0nxzpesqmzfv006q9fwgu833xme5kuu60tuan72n77j8qvem39j",
      "msg": "eyJzdWJtaXRfc2lnbmF0dXJlIjp7InNlc3Npb25faWQiOiIxIiwic2lnbmF0dXJlIjoiMDA0MmI5Y2JjNGM3NWI4ZjFhNTYxMDA2NmU0NGU0YWQyYzY3MDBmMjlhNzQ1MDFjZmI4ZjllYTZmYWIzMzBmZDFlMjY1Yzk4NTExNWM2OTMxOTM4OTVlNmZmMGY1N2E1NTExYzhiYzljNWUyMzZiYmZiNDc0ZGNkMDlkZGVlMjQifX0=",
      "funds": []
    }
  },
  {
    "execute": {
      "contract_addr": "cosmwasm10yjnqzs0nxzpesqmzfv006q9fwgu833xme5kuu60tuan72n77j8qvem39j",
      "msg": "eyJzdWJtaXRfc2lnbmF0dXJlIjp7InNlc3Npb25faWQiOiIxIiwic2lnbmF0dXJlIjoiOWFiODIwNTA3YTU0ZjQyMjdmZDgyMzAyNDliNWFlMDM4ZDQwZDIwNjYyOGQxMDVjNTI2YTJiNzk3NzUxNTkwYzQ0YjE0ZjMwYWI2MWU0NzEzMTcxNjc3NGJkMjI4MWZhZTdhMWQyOWE0ZjQzNjViMmIzYTkzYzdmYmQ3YjQ5OTAifX0=",
      "funds": []
    }
  },
  {
    "execute": {
      "contract_addr": "cosmwasm10yjnqzs0nxzpesqmzfv006q9fwgu833xme5kuu60tuan72n77j8qvem39j",
      "msg": "eyJzdWJtaXRfc2lnbmF0dXJlIjp7InNlc3Npb25faWQiOiIyIiwic2lnbmF0dXJlIjoiNzJiOWE5OWQyNGNlYzg0YjkxYjMwMDA4NWE0Nzc4ZTQ4MDI4YWQ3ZjYxMzFlODRlZjFhYTA3MjM4ZDgxODgwZjc5ODc4MDQ3NzQ5MmNjMjc0NDBjNDA4ZWE5ZTI5ZGRmNTkwODVhMjI1ZmE3OTBiYjJmYmNmZWQ2MTJlMzdiMDAifX0=",
      "funds": []
    }
  },
  {
    "execute": {
      "contract_addr": "cosmwasm10yjnqzs0nxzpesqmzfv006q9fwgu833xme5kuu60tuan72n77j8qvem39j",
      "msg": "eyJzdWJtaXRfc2lnbmF0dXJlIjp7InNlc3Npb25faWQiOiIyIiwic2lnbmF0dXJlIjoiYTJkNzMxMDNjNzRiMzNiZDlhNWEwOTBiNjdiZWZmOWIzZDQ1YzFkNjEyNjE3ZDdhYjZiNWYyNzk0OTUzNjUzOTFhNWJmZTY5MDBkNDM0YTdhNzJmOTNmZDZlY2I4MGViZjY0ZDFmZWQyYzUyMDQyY2U4ZTg3YTMyZTJhOTFiMDQifX0=",
      "funds": []
    }
  },
  {
    "execute": {
      "contract_addr": "cosmwasm10yjnqzs0nxzpesqmzfv006q9fwgu833xme5kuu60tuan72n77j8qvem39j",
      "msg": "eyJzdWJtaXRfc2lnbmF0dXJlIjp7InNlc3Npb25faWQiOiIyIiwic2lnbmF0dXJlIjoiZTU0NDY2ODk5MmI1NjBjYTg0M2JlNmViNDFjOWZjODliNzFlMjU3MTkyZTA5YjJiNmMxYmZlNjhiMjBiYTc0MWJmYjZkMTM5MDViZmM0ZmI3OWU5YzE0NzJiNDI3NGY5NWFkZWQ3YjM0NzRiNmRmMzFhNmM5ZThlYzAzZWI0MDMifX0=",
      "funds": []
    }
  },
  {
    "execute": {
      "contract_addr": "cosmwasm10yjnqzs0nxzpesqmzfv006q9fwgu833xme5kuu60tuan72n77j8qvem39j",
      "msg": "eyJzdWJtaXRfc2lnbmF0dXJlIjp7InNlc3Npb25faWQiOiIzIiwic2lnbmF0dXJlIjoiMDU1YjdlZTQxYzdmM2UzOTU0YWI4MWI5YmY0ZWI3N2M1MzVlN2VjOWMxZjk4YTAzN2RmOWQzMWE0YjJhMTEwODAwYjA3MjQ4ZjEwMGM2OGZjYWU4Mzc3ZWE1YTRkYTZmMDUwYmQzZmYxYzAyMzMwZTk0Mjk0ZTYyYjRlM2E2YzkwMDAwMDAwMDAwMDAwMDAwMDAwMDAwMDAwMDAwMDAwMDAwMDAwMDAwMDAwMDAwMDAwMDAwMDAwMDAwMDAwMDAwIn19",
      "funds": []
    }
  },
  {
    "execute": {
      "contract_addr": "cosmwasm10yjnqzs0nxzpesqmzfv006q9fwgu833xme5kuu60tuan72n77j8qvem39j",
      "msg": "eyJzdWJtaXRfc2lnbmF0dXJlIjp7InNlc3Npb25faWQiOiIzIiwic2lnbmF0dXJlIjoiMDFhZGQyMjczMzczODMwZGJiMWRlMmI1ODQ5N2E3Y2QxOWFiNTBmMjc2OThhZTY1Y2ZlYzkyZTBmOTZlYjRlMjAxY2MyNzUxZjM1MDQ2YTJkN2I0MDJkZWRiYTE1YTM1YmE4MWQzYjEyNTdhNDRhZjRhODAyYzRkZjRiZmEyY2IwMDAwMDAwMDAwMDAwMDAwMDAwMDAwMDAwMDAwMDAwMDAwMDAwMDAwMDAwMDAwMDAwMDAwMDAwMDAwMDAwMDAwIn19",
      "funds": []
    }
  },
  {
    "execute": {
      "contract_addr": "cosmwasm10yjnqzs0nxzpesqmzfv006q9fwgu833xme5kuu60tuan72n77j8qvem39j",
      "msg": "eyJzdWJtaXRfc2lnbmF0dXJlIjp7InNlc3Npb25faWQiOiIzIiwic2lnbmF0dXJlIjoiMDY5NTBmZTYzZGUwODQ5Y2IwMzc3Yjk5MTE2ZWIyZWFhZmQxNTc3MmM3OWI2YjNiZDI5NzE5OWMyMWRiZTcxZDA0MTE3MTdlMjUwOGMwZmM3OTU3YjE4MGQ2NzZmNjRhOGMxZDc0NTA3YmIxNmY5ZDM0YTRkODZjZWM3NzM5ZmEwMDAwMDAwMDAwMDAwMDAwMDAwMDAwMDAwMDAwMDAwMDAwMDAwMDAwMDAwMDAwMDAwMDAwMDAwMDAwMDAwMDAxIn19",
      "funds": []
    }
  }
]