40c38155f843f96544bf44d1707623a27cf9dffae4c4ccdb287f8408396875c0