3f53e785050104ff738f902aac682bcfdc9e35212454edd6f3a698ff4946ef97